<blockquote class="twitter-tweet" data-width="550" data-dnt="true"><p lang="en" dir="ltr">Meet the brand-new, reimagined Learn WordPress experience and grow your WordPress skills at your own pace. Get more details: <a href="https://t.co/6bj2bRr8BW">https://t.co/6bj2bRr8BW</a> <a href="https://twitter.com/hashtag/WordPress?src=hash&amp;ref_src=twsrc%5Etfw">#WordPress</a> <a href="https://t.co/24TkZaB6pW">pic.twitter.com/24TkZaB6pW</a></p>&mdash; WordPress (@WordPress) <a href="https://twitter.com/WordPress/status/1819377181035745510?ref_src=twsrc%5Etfw">August 2, 2024</a></blockquote><script async src="https://platform.twitter.com/widgets.js" charset="utf-8"></script>